// Jest Snapshot v1, https://goo.gl/fbAQLP

exports[`StartButton component renders correctly 1`] = `
<View
  style={
    {
      "alignItems": "center",
      "flex": 1,
      "justifyContent": "center",
    }
  }
>
  <View
    accessible={true}
    collapsable={false}
    focusable={true}
    onClick={[Function]}
    onResponderGrant={[Function]}
    onResponderMove={[Function]}
    onResponderRelease={[Function]}
    onResponderTerminate={[Function]}
    onResponderTerminationRequest={[Function]}
    onStartShouldSetResponder={[Function]}
    style={
      {
        "alignItems": "center",
        "backgroundColor": "#1778F2",
        "elevation": 10,
        "height": 50,
        "justifyContent": "center",
        "marginTop": 20,
        "opacity": 1,
        "shadowColor": "rgba(0,0,0,0.4)",
        "shadowOffset": {
          "height": 5,
          "width": 1,
        },
        "shadowOpacity": 0.34,
        "shadowRadius": 6.27,
        "width": 300,
      }
    }
    testID="start-button"
  >
    <Text
      style={
        {
          "color": "white",
          "fontWeight": "bold",
          "textAlign": "center",
          "width": 200,
        }
      }
    >
      LETS GET STARTED
       
    </Text>
  </View>
</View>
`;
