// Jest Snapshot v1, https://goo.gl/fbAQLP

exports[`StartImage component renders correctly 1`] = `
<View>
  <Image
    source={1}
    style={
      {
        "height": 400,
        "width": 400,
      }
    }
  />
</View>
`;
