// Jest Snapshot v1, https://goo.gl/fbAQLP

exports[`Welcome component renders correctly 1`] = `
<View
  style={
    {
      "marginLeft": 30,
      "textAlign": "center",
      "textAlignVertical": "center",
      "width": 500,
    }
  }
>
  <Text
    style={
      [
        {
          "color": "rgba(28, 27, 31, 1)",
          "fontFamily": "System",
          "fontSize": 22,
          "fontWeight": "400",
          "letterSpacing": 0,
          "lineHeight": 28,
        },
        {
          "textAlign": "left",
        },
        {
          "writingDirection": "ltr",
        },
        {
          "textAlign": "center",
          "textAlignVertical": "center",
        },
      ]
    }
  >
    Welcome to GETSPARES!
  </Text>
  <Text
    style={
      [
        {
          "color": "rgba(28, 27, 31, 1)",
          "fontFamily": "System",
          "fontSize": 22,
          "fontWeight": "400",
          "letterSpacing": 0,
          "lineHeight": 28,
        },
        {
          "textAlign": "left",
        },
        {
          "writingDirection": "ltr",
        },
        {
          "textAlign": "center",
          "textAlignVertical": "center",
        },
      ]
    }
  >
    To get started,
  </Text>
  <Text
    style={
      [
        {
          "color": "rgba(28, 27, 31, 1)",
          "fontFamily": "System",
          "fontSize": 22,
          "fontWeight": "400",
          "letterSpacing": 0,
          "lineHeight": 28,
        },
        {
          "textAlign": "left",
        },
        {
          "writingDirection": "ltr",
        },
        {
          "textAlign": "center",
          "textAlignVertical": "center",
        },
      ]
    }
  >
    Press the Start button below
  </Text>
</View>
`;
